This is pdfTeX, Version 3.141592653-2.6-1.40.26 (TeX Live 2024/Arch Linux) (preloaded format=pdflatex 2024.12.3)  17 DEC 2024 22:28
entering extended mode
 restricted \write18 enabled.
 %&-line parsing enabled.
**Parcial2.tex
(./Parcial2.tex
LaTeX2e <2023-11-01> patch level 1
L3 programming layer <2024-02-20>
(/usr/share/texmf-dist/tex/latex/base/article.cls
Document Class: article 2023/05/17 v1.4n Standard LaTeX document class
(/usr/share/texmf-dist/tex/latex/base/size10.clo
File: size10.clo 2023/05/17 v1.4n Standard LaTeX file (size option)
)
\c@part=\count188
\c@section=\count189
\c@subsection=\count190
\c@subsubsection=\count191
\c@paragraph=\count192
\c@subparagraph=\count193
\c@figure=\count194
\c@table=\count195
\abovecaptionskip=\skip48
\belowcaptionskip=\skip49
\bibindent=\dimen140
)
(/usr/share/texmf-dist/tex/latex/graphics/graphicx.sty
Package: graphicx 2021/09/16 v1.2d Enhanced LaTeX Graphics (DPC,SPQR)

(/usr/share/texmf-dist/tex/latex/graphics/keyval.sty
Package: keyval 2022/05/29 v1.15 key=value parser (DPC)
\KV@toks@=\toks17
)
(/usr/share/texmf-dist/tex/latex/graphics/graphics.sty
Package: graphics 2022/03/10 v1.4e Standard LaTeX Graphics (DPC,SPQR)

(/usr/share/texmf-dist/tex/latex/graphics/trig.sty
Package: trig 2021/08/11 v1.11 sin cos tan (DPC)
)
(/usr/share/texmf-dist/tex/latex/graphics-cfg/graphics.cfg
File: graphics.cfg 2016/06/04 v1.11 sample graphics configuration
)
Package graphics Info: Driver file: pdftex.def on input line 107.

(/usr/share/texmf-dist/tex/latex/graphics-def/pdftex.def
File: pdftex.def 2022/09/22 v1.2b Graphics/color driver for pdftex
))
\Gin@req@height=\dimen141
\Gin@req@width=\dimen142
)
(/usr/share/texmf-dist/tex/latex/base/inputenc.sty
Package: inputenc 2021/02/14 v1.3d Input encoding file
\inpenc@prehook=\toks18
\inpenc@posthook=\toks19
)
(/usr/share/texmf-dist/tex/latex/base/fontenc.sty
Package: fontenc 2021/04/29 v2.0v Standard LaTeX package
)
(/usr/share/texmf-dist/tex/generic/babel/babel.sty
Package: babel 2024/02/07 v24.2 The Babel package
\babel@savecnt=\count196
\U@D=\dimen143
\l@unhyphenated=\language5

(/usr/share/texmf-dist/tex/generic/babel/txtbabel.def)
\bbl@readstream=\read2
\bbl@dirlevel=\count197

(/usr/share/texmf-dist/tex/generic/babel-spanish/spanish.ldf
Language: spanish.ldf 2021/05/27 v5.0q Spanish support from the babel system


Package babel Warning: No hyphenation patterns were preloaded for
(babel)                the language 'Spanish' into the format.
(babel)                Please, configure your TeX system to add them and
(babel)                rebuild the format. Now I will use the patterns
(babel)                preloaded for \language=0 instead on input line 51.

Package babel Info: Hyphen rules for 'spanish' set to \l@english
(babel)             (\language0). Reported on input line 52.
\es@quottoks=\toks20
\es@quotdepth=\count198
Package babel Info: Making " an active character on input line 570.
Package babel Info: Making . an active character on input line 675.
Package babel Info: Making < an active character on input line 722.
Package babel Info: Making > an active character on input line 722.
) (/usr/share/texmf-dist/tex/generic/babel-english/english.ldf
Language: english 2017/06/06 v3.3r English support from the babel system
Package babel Info: Hyphen rules for 'british' set to \l@english
(babel)             (\language0). Reported on input line 82.
Package babel Info: Hyphen rules for 'UKenglish' set to \l@english
(babel)             (\language0). Reported on input line 83.
Package babel Info: Hyphen rules for 'canadian' set to \l@english
(babel)             (\language0). Reported on input line 102.
Package babel Info: Hyphen rules for 'australian' set to \l@english
(babel)             (\language0). Reported on input line 105.
Package babel Info: Hyphen rules for 'newzealand' set to \l@english
(babel)             (\language0). Reported on input line 108.
))
(/usr/share/texmf-dist/tex/generic/babel/locale/en/babel-english.tex
Package babel Info: Importing font and identification data for english
(babel)             from babel-en.ini. Reported on input line 11.
)
(/usr/share/texmf-dist/tex/generic/babel/locale/es/babel-spanish.tex
Package babel Info: Importing font and identification data for spanish
(babel)             from babel-es.ini. Reported on input line 11.
)
(/usr/share/texmf-dist/tex/latex/natbib/natbib.sty
Package: natbib 2010/09/13 8.31b (PWD, AO)
\bibhang=\skip50
\bibsep=\skip51
LaTeX Info: Redefining \cite on input line 694.
\c@NAT@ctr=\count199
)
(/usr/share/texmf-dist/tex/latex/url/url.sty
\Urlmuskip=\muskip16
Package: url 2013/09/16  ver 3.4  Verb mode for urls, etc.
)
(/usr/share/texmf-dist/tex/latex/l3backend/l3backend-pdftex.def
File: l3backend-pdftex.def 2024-02-20 L3 backend support: PDF output (pdfTeX)
\l__color_backend_stack_int=\count266
\l__pdf_internal_box=\box51
)

LaTeX Warning: Unused global option(s):
    [16pt].

(./Parcial2.aux
LaTeX Info: Redefining \. on input line 9.
LaTeX Info: Redefining \% on input line 9.
LaTeX Info: Redefining \. on input line 15.
LaTeX Info: Redefining \% on input line 15.
)
\openout1 = `Parcial2.aux'.

LaTeX Font Info:    Checking defaults for OML/cmm/m/it on input line 20.
LaTeX Font Info:    ... okay on input line 20.
LaTeX Font Info:    Checking defaults for OMS/cmsy/m/n on input line 20.
LaTeX Font Info:    ... okay on input line 20.
LaTeX Font Info:    Checking defaults for OT1/cmr/m/n on input line 20.
LaTeX Font Info:    ... okay on input line 20.
LaTeX Font Info:    Checking defaults for T1/cmr/m/n on input line 20.
LaTeX Font Info:    ... okay on input line 20.
LaTeX Font Info:    Checking defaults for TS1/cmr/m/n on input line 20.
LaTeX Font Info:    ... okay on input line 20.
LaTeX Font Info:    Checking defaults for OMX/cmex/m/n on input line 20.
LaTeX Font Info:    ... okay on input line 20.
LaTeX Font Info:    Checking defaults for U/cmr/m/n on input line 20.
LaTeX Font Info:    ... okay on input line 20.
 (/usr/share/texmf-dist/tex/context/base/mkii/supp-pdf.mkii
[Loading MPS to PDF converter (version 2006.09.02).]
\scratchcounter=\count267
\scratchdimen=\dimen144
\scratchbox=\box52
\nofMPsegments=\count268
\nofMParguments=\count269
\everyMPshowfont=\toks21
\MPscratchCnt=\count270
\MPscratchDim=\dimen145
\MPnumerator=\count271
\makeMPintoPDFobject=\count272
\everyMPtoPDFconversion=\toks22
) (/usr/share/texmf-dist/tex/latex/epstopdf-pkg/epstopdf-base.sty
Package: epstopdf-base 2020-01-24 v2.11 Base part for package epstopdf
Package epstopdf-base Info: Redefining graphics rule for `.eps' on input line 4
85.

(/usr/share/texmf-dist/tex/latex/latexconfig/epstopdf-sys.cfg
File: epstopdf-sys.cfg 2010/07/13 v1.3 Configuration of (r)epstopdf for TeX Liv
e
))
<pictures/Universidad_Veracruzana.png, id=1, 465.74pt x 602.25pt>
File: pictures/Universidad_Veracruzana.png Graphic file (type png)
<use pictures/Universidad_Veracruzana.png>
Package pdftex.def Info: pictures/Universidad_Veracruzana.png  used on input li
ne 24.
(pdftex.def)             Requested size: 68.99895pt x 89.22165pt.
 [1

{/var/lib/texmf/fonts/map/pdftex/updmap/pdftex.map}{/usr/share/texmf-dist/fonts
/enc/dvips/cm-super/cm-super-t1.enc} <./pictures/Universidad_Veracruzana.png>]
LaTeX Info: Redefining \. on input line 41.
LaTeX Info: Redefining \% on input line 41.
 [1]
LaTeX Info: Redefining \. on input line 62.
LaTeX Info: Redefining \% on input line 62.
 [2]
<pictures/pipico.jpg, id=25, 225.84375pt x 225.84375pt>
File: pictures/pipico.jpg Graphic file (type jpg)
<use pictures/pipico.jpg>
Package pdftex.def Info: pictures/pipico.jpg  used on input line 90.
(pdftex.def)             Requested size: 172.5pt x 172.51143pt.


LaTeX Warning: `h' float specifier changed to `ht'.

<pictures/imagen.jpg, id=26, 451.6875pt x 237.13594pt>
File: pictures/imagen.jpg Graphic file (type jpg)
<use pictures/imagen.jpg>
Package pdftex.def Info: pictures/imagen.jpg  used on input line 98.
(pdftex.def)             Requested size: 172.5pt x 90.56488pt.

LaTeX Warning: `h' float specifier changed to `ht'.

[3]
<pictures/capturas/colores.png, id=32, 1664.2175pt x 2924.9275pt>
File: pictures/capturas/colores.png Graphic file (type png)
<use pictures/capturas/colores.png>
Package pdftex.def Info: pictures/capturas/colores.png  used on input line 109.

(pdftex.def)             Requested size: 345.0pt x 606.35327pt.


LaTeX Warning: Float too large for page by 88.18445pt on input line 111.


LaTeX Warning: `!h' float specifier changed to `!ht'.

[4 <./pictures/pipico.jpg> <./pictures/imagen.jpg>]
<pictures/capturas/config.png, id=36, 3352.525pt x 2581.645pt>
File: pictures/capturas/config.png Graphic file (type png)
<use pictures/capturas/config.png>
Package pdftex.def Info: pictures/capturas/config.png  used on input line 120.
(pdftex.def)             Requested size: 345.0pt x 265.66423pt.


LaTeX Warning: `!h' float specifier changed to `!ht'.

<pictures/capturas/frames.png, id=37, 2238.3625pt x 2924.9275pt>
File: pictures/capturas/frames.png Graphic file (type png)
<use pictures/capturas/frames.png>
Package pdftex.def Info: pictures/capturas/frames.png  used on input line 130.
(pdftex.def)             Requested size: 345.0pt x 450.81512pt.

LaTeX Warning: `!h' float specifier changed to `!ht'.

<pictures/capturas/funciones.png, id=38, 3081.5125pt x 2581.645pt>
File: pictures/capturas/funciones.png Graphic file (type png)
<use pictures/capturas/funciones.png>
Package pdftex.def Info: pictures/capturas/funciones.png  used on input line 14
0.
(pdftex.def)             Requested size: 345.0pt x 289.0241pt.

LaTeX Warning: `!h' float specifier changed to `!ht'.

<pictures/capturas/ventana.png, id=39, 2119.92pt x 2314.6475pt>
File: pictures/capturas/ventana.png Graphic file (type png)
<use pictures/capturas/ventana.png>
Package pdftex.def Info: pictures/capturas/ventana.png  used on input line 151.

(pdftex.def)             Requested size: 345.0pt x 376.6732pt.

LaTeX Warning: `!h' float specifier changed to `!ht'.

<pictures/capturas/inicio.png, id=40, 2828.5675pt x 2352.79pt>
File: pictures/capturas/inicio.png Graphic file (type png)
<use pictures/capturas/inicio.png>
Package pdftex.def Info: pictures/capturas/inicio.png  used on input line 160.
(pdftex.def)             Requested size: 345.0pt x 286.9538pt.

LaTeX Warning: `!h' float specifier changed to `!ht'.


Underfull \hbox (badness 10000) in paragraph at lines 168--171

 []

[5]
Overfull \hbox (82.80525pt too wide) in paragraph at lines 172--173
 \T1/cmr/bx/n/10 Video del pro-gra-ma fun-cio-nan-do: [] \T1/cmr/m/n/10 https:/
/youtu.be/bcCE4S82T54?si=CXCuJVnj22A9Ec1v 
 []

<pictures/circuito.jpeg, id=44, 1604.99625pt x 902.37125pt>
File: pictures/circuito.jpeg Graphic file (type jpg)
<use pictures/circuito.jpeg>
Package pdftex.def Info: pictures/circuito.jpeg  used on input line 177.
(pdftex.def)             Requested size: 345.0pt x 193.96472pt.

LaTeX Warning: `!h' float specifier changed to `!ht'.

<pictures/prueba.jpeg, id=45, 1606.0pt x 1208.515pt>
File: pictures/prueba.jpeg Graphic file (type jpg)
<use pictures/prueba.jpeg>
Package pdftex.def Info: pictures/prueba.jpeg  used on input line 184.
(pdftex.def)             Requested size: 345.0pt x 259.60437pt.

LaTeX Warning: `!h' float specifier changed to `!ht'.

<pictures/capturas/presentacion.png, id=46, 505.89pt x 204.765pt>
File: pictures/capturas/presentacion.png Graphic file (type png)
<use pictures/capturas/presentacion.png>
Package pdftex.def Info: pictures/capturas/presentacion.png  used on input line
 192.
(pdftex.def)             Requested size: 345.0pt x 139.64452pt.

LaTeX Warning: `!h' float specifier changed to `!ht'.

<pictures/capturas/menu.png, id=47, 505.89pt x 204.765pt>
File: pictures/capturas/menu.png Graphic file (type png)
<use pictures/capturas/menu.png>
Package pdftex.def Info: pictures/capturas/menu.png  used on input line 199.
(pdftex.def)             Requested size: 345.0pt x 139.64452pt.

LaTeX Warning: `!h' float specifier changed to `!ht'.

<pictures/capturas/nuevousuario.png, id=48, 405.515pt x 305.14pt>
File: pictures/capturas/nuevousuario.png Graphic file (type png)
<use pictures/capturas/nuevousuario.png>
Package pdftex.def Info: pictures/capturas/nuevousuario.png  used on input line
 206.
(pdftex.def)             Requested size: 345.0pt x 259.61232pt.

LaTeX Warning: `!h' float specifier changed to `!ht'.

<pictures/capturas/vprincipal.png, id=49, 505.89pt x 204.765pt>
File: pictures/capturas/vprincipal.png Graphic file (type png)
<use pictures/capturas/vprincipal.png>
Package pdftex.def Info: pictures/capturas/vprincipal.png  used on input line 2
13.
(pdftex.def)             Requested size: 345.0pt x 139.64452pt.

LaTeX Warning: `!h' float specifier changed to `!ht'.

(./Parcial2.bbl
LaTeX Font Info:    Trying to load font information for T1+cmtt on input line 1
1.
 (/usr/share/texmf-dist/tex/latex/base/t1cmtt.fd
File: t1cmtt.fd 2023/04/13 v2.5m Standard LaTeX font definitions
)
LaTeX Font Info:    External font `cmex10' loaded for size
(Font)              <7> on input line 11.
LaTeX Font Info:    External font `cmex10' loaded for size
(Font)              <5> on input line 11.

Underfull \hbox (badness 10000) in paragraph at lines 9--13
[]\T1/cmr/m/n/10 Frontend y back-end: ¾qué son y cuáles son sus difer-
 []


Underfull \hbox (badness 10000) in paragraph at lines 9--13
\T1/cmr/m/n/10 en-cias? --- gluo.mx.  $\T1/cmtt/m/n/10 https : / / www . gluo .
 mx / blog /
 []


Underfull \hbox (badness 10000) in paragraph at lines 9--13
\T1/cmtt/m/n/10 frontend-[]y-[]backend-[]que-[]son-[]y-[]cuales-[]son-[]sus-[]d
iferencias$\T1/cmr/m/n/10 .
 []


Underfull \hbox (badness 10000) in paragraph at lines 20--23
\T1/cmtt/m/n/10 https : / / www . alldatasheet . es / datasheet-[]pdf / view / 
879178 / MAXIM /
 []


Underfull \hbox (badness 10000) in paragraph at lines 25--28
[]\T1/cmr/m/n/10 2024.  URL $\T1/cmtt/m/n/10 https : / / www . raspberrypi . co
m / documentation /
 []


Underfull \hbox (badness 6380) in paragraph at lines 30--34
[]\T1/cmr/m/n/10 Tariq Ali.  cus-tomtk-in-ter, 2021.  URL $\T1/cmtt/m/n/10 http
s : / / github . com /
 []

[6]
Underfull \hbox (badness 10000) in paragraph at lines 48--53
[]\T1/cmr/m/n/10 fundaciondelcorazon.  Fre-cuen-cia car-dia-ca --- fun-da-ciond
el-co-
 []


Underfull \hbox (badness 10000) in paragraph at lines 48--53
\T1/cmr/m/n/10 ra-zon.com.  $\T1/cmtt/m/n/10 https : / / fundaciondelcorazon . 
com / prevencion /
 []


Underfull \hbox (badness 3482) in paragraph at lines 48--53
\T1/cmtt/m/n/10 marcadores-[]de-[]riesgo / frecuencia-[]cardiaca . html$\T1/cmr
/m/n/10 .  [Ac-cessed 16-
 []


Underfull \hbox (badness 1776) in paragraph at lines 61--68
[]\T1/cmr/m/n/10 Ennio A Vi-val-di V and Pe-dro Mal-don-a-do A.  Com-puta-dores
 en
 []


Underfull \hbox (badness 2261) in paragraph at lines 61--68
\T1/cmr/m/n/10 in-ves-ti-gación su-pe-ri-or biomédi-ca: I. análi-sis de señales
 bioelétc-tri-c-
 []

) [7] [8 <./pictures/capturas/colores.png>] [9 <./pictures/capturas/config.png>
] [10 <./pictures/capturas/frames.png>] [11 <./pictures/capturas/funciones.png>
] [12 <./pictures/capturas/ventana.png>] [13 <./pictures/capturas/inicio.png>]
[14 <./pictures/circuito.jpeg> <./pictures/prueba.jpeg>] [15 <./pictures/captur
as/presentacion.png> <./pictures/capturas/menu.png>] [16 <./pictures/capturas/n
uevousuario.png> <./pictures/capturas/vprincipal.png>] (./Parcial2.aux
LaTeX Info: Redefining \. on input line 9.
LaTeX Info: Redefining \% on input line 9.
LaTeX Info: Redefining \. on input line 15.
LaTeX Info: Redefining \% on input line 15.
)
 ***********
LaTeX2e <2023-11-01> patch level 1
L3 programming layer <2024-02-20>
 ***********
 ) 
Here is how much of TeX's memory you used:
 3741 strings out of 476076
 61956 string characters out of 5793775
 1937187 words of memory out of 5000000
 25834 multiletter control sequences out of 15000+600000
 569489 words of font info for 52 fonts, out of 8000000 for 9000
 14 hyphenation exceptions out of 8191
 57i,7n,65p,880b,365s stack positions out of 10000i,1000n,20000p,200000b,200000s
</usr/share/texmf-dist/fonts/type1/public/cm-super/sfbx0900.pfb></usr/share/t
exmf-dist/fonts/type1/public/cm-super/sfbx1000.pfb></usr/share/texmf-dist/fonts
/type1/public/cm-super/sfbx1200.pfb></usr/share/texmf-dist/fonts/type1/public/c
m-super/sfbx1440.pfb></usr/share/texmf-dist/fonts/type1/public/cm-super/sfbx172
8.pfb></usr/share/texmf-dist/fonts/type1/public/cm-super/sfcc1440.pfb></usr/sha
re/texmf-dist/fonts/type1/public/cm-super/sfcc2488.pfb></usr/share/texmf-dist/f
onts/type1/public/cm-super/sfrm0700.pfb></usr/share/texmf-dist/fonts/type1/publ
ic/cm-super/sfrm0900.pfb></usr/share/texmf-dist/fonts/type1/public/cm-super/sfr
m1000.pfb></usr/share/texmf-dist/fonts/type1/public/cm-super/sfrm1440.pfb></usr
/share/texmf-dist/fonts/type1/public/cm-super/sfti1000.pfb></usr/share/texmf-di
st/fonts/type1/public/cm-super/sfti1440.pfb></usr/share/texmf-dist/fonts/type1/
public/cm-super/sftt1000.pfb>
Output written on Parcial2.pdf (17 pages, 3160422 bytes).
PDF statistics:
 157 PDF objects out of 1000 (max. 8388607)
 83 compressed objects within 1 object stream
 0 named destinations out of 1000 (max. 500000)
 76 words of extra memory for PDF output out of 10000 (max. 10000000)

